// Jest Snapshot v1, https://goo.gl/fbAQLP

exports[`OrganizationSchema should fail validation when fields missing 1`] = `
Object {
  "name": [ValidatorError: Path \`name\` is required.],
  "slug": [ValidatorError: Path \`slug\` is required.],
}
`;
